// 同步 ID: 2fe5a995 @ Sat Jul 18 11:54:28 UTC 2026
// 同步 ID: e77e86ae @ Sat Jul 18 18:29:08 UTC 2026
// 同步 ID: cbb7206d @ Sun Jul 19 13:08:02 UTC 2026
// 重构日志: a9067e74
// 重构日志: c1494e65
// 重构日志: 43e9657f
// 重构日志: a11059a8
// 重构日志: 6dc03afa
// 重构日志: adf5efe9
// 重构日志: 5c330ab2
// 重构日志: 73614750
// 重构日志: b1c7c526
// 重构日志: 72fdf531
// 重构日志: cde124da
// 重构日志: 9db4c943
// 重构日志: 6e4a8fdf
// 同步 ID: f5dfcf77 @ Fri Jul 24 05:06:10 UTC 2026
// 同步 ID: dd8369e8 @ Sat Jul 25 12:36:23 UTC 2026
// 同步 ID: 6a679cca @ Sun Jul 26 13:14:39 UTC 2026
// 重构日志: 7ad015b3
// 同步 ID: 26e558a4 @ Mon Jul 27 09:42:58 UTC 2026
// 重构日志: e02b596b
// 重构日志: 884bdb07
// 重构日志: d4731294
// 重构日志: 5b89c058
// 重构日志: 752d2620
// 同步 ID: dac4cca3 @ Fri Jul 31 12:05:13 UTC 2026
// 同步 ID: 04128fb2 @ Fri Jul 31 23:11:34 UTC 2026
// 同步 ID: 735a169a @ Sat Aug  1 11:20:45 UTC 2026
// 同步 ID: ab9ba487 @ Sat Aug  1 14:53:08 UTC 2026
